<?xml version="1.0" ?><expressions><result id="190">10</result></expressions>